// Jest Snapshot v1, https://goo.gl/fbAQLP

exports[`routes organizations routes settings components OrganizationSettings redirects to start page if organization was not found 1`] = `
<div>
  Start Page
</div>
`;

exports[`routes organizations routes settings components OrganizationSettings renders loading icon if organization not loaded 1`] = `
<div
  className="LoadingIcon-container-4"
>
  <div
    className="MuiCircularProgress-root-6 MuiCircularProgress-colorPrimary-9 MuiCircularProgress-indeterminate-8 LoadingIcon-icon-5"
    role="progressbar"
    style={
      Object {
        "height": 40,
        "width": 40,
      }
    }
  >
    <svg
      className="MuiCircularProgress-svg-11"
      viewBox="22 22 44 44"
    >
      <circle
        className="MuiCircularProgress-circle-12 MuiCircularProgress-circleIndeterminate-14"
        cx={44}
        cy={44}
        fill="none"
        r={20.2}
        strokeWidth={3.6}
        style={Object {}}
      />
    </svg>
  </div>
</div>
`;

exports[`routes organizations routes settings components OrganizationSettings renders organization settings if loaded 1`] = `
<div
  className="InjectIntl-OrganizationSettings--container-1"
>
  <h2
    className="MuiTypography-root-15 MuiTypography-title-21"
    data-cy="organization-title"
  >
    my_org
  </h2>
  <ul
    className="MuiList-root-41 MuiList-padding-42"
  >
    <li
      className="MuiListItem-root-45 MuiListItem-default-48"
      disabled={false}
    >
      <div
        className="MuiListItemText-root-56"
      >
        <span
          className="MuiTypography-root-15 MuiTypography-subheading-22 MuiListItemText-primary-59"
        >
          Keller Hans
        </span>
        <p
          className="MuiTypography-root-15 MuiTypography-body1-24 MuiTypography-colorTextSecondary-39 MuiListItemText-secondary-60"
        >
          Manager
        </p>
      </div>
    </li>
    <li
      className="MuiListItem-root-45 MuiListItem-default-48"
      disabled={false}
    >
      <div
        className="MuiListItemText-root-56"
      >
        <span
          className="MuiTypography-root-15 MuiTypography-subheading-22 MuiListItemText-primary-59"
        >
          Muster Max
        </span>
        <p
          className="MuiTypography-root-15 MuiTypography-body1-24 MuiTypography-colorTextSecondary-39 MuiListItemText-secondary-60"
        >
          Benutzer
        </p>
      </div>
    </li>
  </ul>
  <hr
    className="MuiDivider-root-62 InjectIntl-OrganizationSettings--divider-2"
  />
  <div
    className="InjectIntl-OrganizationSettings--deleteButtonContainer-3"
  >
    <button
      className="MuiButtonBase-root-94 MuiButton-root-68 MuiButton-text-70 MuiButton-flat-73 DeleteButton-button-66"
      data-cy="organization-delete-button"
      disabled={false}
      onBlur={[Function]}
      onClick={[Function]}
      onFocus={[Function]}
      onKeyDown={[Function]}
      onKeyUp={[Function]}
      onMouseDown={[Function]}
      onMouseLeave={[Function]}
      onMouseUp={[Function]}
      onTouchEnd={[Function]}
      onTouchMove={[Function]}
      onTouchStart={[Function]}
      tabIndex="0"
      type="button"
    >
      <span
        className="MuiButton-label-69"
      >
        <svg
          aria-hidden="true"
          className="MuiSvgIcon-root-97 DeleteButton-leftIcon-67"
          focusable="false"
          role="presentation"
          viewBox="0 0 24 24"
        >
          <path
            d="M6 19c0 1.1.9 2 2 2h8c1.1 0 2-.9 2-2V7H6v12zM19 4h-3.5l-1-1h-5l-1 1H5v2h14V4z"
          />
          <path
            d="M0 0h24v24H0z"
            fill="none"
          />
        </svg>
        Organisation löschen
      </span>
      <span
        className="MuiTouchRipple-root-106"
      />
    </button>
  </div>
</div>
`;
