// Jest Snapshot v1, https://goo.gl/fbAQLP

exports[`routes organizations routes settings components OrganizationSettings redirects to start page if organization was not found 1`] = `
<div>
  Start Page
</div>
`;

exports[`routes organizations routes settings components OrganizationSettings renders loading icon if organization not loaded 1`] = `
<div
  className="LoadingIcon-container-4"
>
  <div
    className="MuiCircularProgress-root LoadingIcon-icon-5 MuiCircularProgress-colorPrimary MuiCircularProgress-indeterminate"
    role="progressbar"
    style={
      Object {
        "height": 40,
        "width": 40,
      }
    }
  >
    <svg
      className="MuiCircularProgress-svg"
      viewBox="22 22 44 44"
    >
      <circle
        className="MuiCircularProgress-circle MuiCircularProgress-circleIndeterminate"
        cx={44}
        cy={44}
        fill="none"
        r={20.2}
        strokeWidth={3.6}
        style={Object {}}
      />
    </svg>
  </div>
</div>
`;

exports[`routes organizations routes settings components OrganizationSettings renders organization settings if loaded 1`] = `
"<div class=\\"injectIntl(OrganizationSettings)-container-1\\">
  <h4 class=\\"MuiTypography-root MuiTypography-h4 MuiTypography-gutterBottom\\" data-cy=\\"organization-title\\">my_org</h4><button class=\\"MuiButtonBase-root MuiButton-root MuiButton-contained MuiButton-containedPrimary\\" tabindex=\\"0\\" type=\\"button\\"><span class=\\"MuiButton-label\\">Mitglied hinzufügen</span><span class=\\"MuiTouchRipple-root\\"></span></button>
  <ul class=\\"MuiList-root MuiList-padding\\">
    <li class=\\"MuiListItem-container\\">
      <div class=\\"MuiListItem-root MuiListItem-secondaryAction\\">
        <div class=\\"MuiListItemText-root MuiListItemText-multiline\\"><span class=\\"MuiTypography-root MuiListItemText-primary MuiTypography-body1\\">Keller Hans</span>
          <p class=\\"MuiTypography-root MuiListItemText-secondary MuiTypography-body2 MuiTypography-colorTextSecondary\\">Manager</p>
        </div>
      </div>
      <div class=\\"MuiListItemSecondaryAction-root\\"><button class=\\"MuiButtonBase-root MuiIconButton-root\\" tabindex=\\"0\\" type=\\"button\\"><span class=\\"MuiIconButton-label\\"><svg class=\\"MuiSvgIcon-root\\" focusable=\\"false\\" viewBox=\\"0 0 24 24\\" aria-hidden=\\"true\\" role=\\"presentation\\"><path d=\\"M6 19c0 1.1.9 2 2 2h8c1.1 0 2-.9 2-2V7H6v12zM19 4h-3.5l-1-1h-5l-1 1H5v2h14V4z\\"></path></svg></span><span class=\\"MuiTouchRipple-root\\"></span></button></div>
    </li>
    <li class=\\"MuiListItem-container\\">
      <div class=\\"MuiListItem-root MuiListItem-secondaryAction\\">
        <div class=\\"MuiListItemText-root MuiListItemText-multiline\\"><span class=\\"MuiTypography-root MuiListItemText-primary MuiTypography-body1\\">Muster Max</span>
          <p class=\\"MuiTypography-root MuiListItemText-secondary MuiTypography-body2 MuiTypography-colorTextSecondary\\">Benutzer</p>
        </div>
      </div>
      <div class=\\"MuiListItemSecondaryAction-root\\"><button class=\\"MuiButtonBase-root MuiIconButton-root\\" tabindex=\\"0\\" type=\\"button\\"><span class=\\"MuiIconButton-label\\"><svg class=\\"MuiSvgIcon-root\\" focusable=\\"false\\" viewBox=\\"0 0 24 24\\" aria-hidden=\\"true\\" role=\\"presentation\\"><path d=\\"M6 19c0 1.1.9 2 2 2h8c1.1 0 2-.9 2-2V7H6v12zM19 4h-3.5l-1-1h-5l-1 1H5v2h14V4z\\"></path></svg></span><span class=\\"MuiTouchRipple-root\\"></span></button></div>
    </li>
  </ul>
  <div class=\\"MuiTablePagination-root\\">
    <div class=\\"MuiToolbar-root MuiToolbar-regular MuiTablePagination-toolbar MuiToolbar-gutters\\">
      <div class=\\"MuiTablePagination-spacer\\"></div><span class=\\"MuiTypography-root MuiTablePagination-caption MuiTypography-caption MuiTypography-colorInherit\\">1-2 of 2</span>
      <div class=\\"MuiTablePagination-actions\\"><button class=\\"MuiButtonBase-root MuiIconButton-root MuiIconButton-colorInherit Mui-disabled Mui-disabled\\" tabindex=\\"-1\\" type=\\"button\\" disabled=\\"\\"><span class=\\"MuiIconButton-label\\"><svg class=\\"MuiSvgIcon-root\\" focusable=\\"false\\" viewBox=\\"0 0 24 24\\" aria-hidden=\\"true\\" role=\\"presentation\\"><path d=\\"M15.41 16.09l-4.58-4.59 4.58-4.59L14 5.5l-6 6 6 6z\\"></path></svg></span></button><button class=\\"MuiButtonBase-root MuiIconButton-root MuiIconButton-colorInherit Mui-disabled Mui-disabled\\" tabindex=\\"-1\\" type=\\"button\\" disabled=\\"\\"><span class=\\"MuiIconButton-label\\"><svg class=\\"MuiSvgIcon-root\\" focusable=\\"false\\" viewBox=\\"0 0 24 24\\" aria-hidden=\\"true\\" role=\\"presentation\\"><path d=\\"M8.59 16.34l4.58-4.59-4.58-4.59L10 5.75l6 6-6 6z\\"></path></svg></span></button></div>
    </div>
  </div>
  <form>
    <div>
      <div class=\\"MuiFormControl-root MuiTextField-root ExportFlightsForm-datePicker-122 MuiFormControl-marginNormal\\"><label class=\\"MuiFormLabel-root MuiInputLabel-root MuiInputLabel-formControl MuiInputLabel-animated MuiInputLabel-shrink MuiFormLabel-filled\\" data-shrink=\\"true\\">Startdatum</label>
        <div class=\\"MuiInputBase-root MuiInput-root MuiInput-underline MuiInputBase-formControl MuiInput-formControl MuiInputBase-adornedEnd\\"><input aria-invalid=\\"false\\" class=\\"MuiInputBase-input MuiInput-input MuiInputBase-inputAdornedEnd\\" type=\\"text\\" value=\\"01.08.2019\\">
          <div class=\\"MuiInputAdornment-root MuiInputAdornment-positionEnd\\"><button class=\\"MuiButtonBase-root MuiIconButton-root\\" tabindex=\\"0\\" type=\\"button\\"><span class=\\"MuiIconButton-label\\"><svg class=\\"MuiSvgIcon-root\\" focusable=\\"false\\" viewBox=\\"0 0 24 24\\" aria-hidden=\\"true\\" role=\\"presentation\\"><path d=\\"M17 12h-5v5h5v-5zM16 1v2H8V1H6v2H5c-1.11 0-1.99.9-1.99 2L3 19c0 1.1.89 2 2 2h14c1.1 0 2-.9 2-2V5c0-1.1-.9-2-2-2h-1V1h-2zm3 18H5V8h14v11z\\"></path><path fill=\\"none\\" d=\\"M0 0h24v24H0z\\"></path></svg></span><span class=\\"MuiTouchRipple-root\\"></span></button></div>
        </div>
      </div>
      <div class=\\"MuiFormControl-root MuiTextField-root ExportFlightsForm-datePicker-122 MuiFormControl-marginNormal\\"><label class=\\"MuiFormLabel-root MuiInputLabel-root MuiInputLabel-formControl MuiInputLabel-animated MuiInputLabel-shrink MuiFormLabel-filled\\" data-shrink=\\"true\\">Enddatum</label>
        <div class=\\"MuiInputBase-root MuiInput-root MuiInput-underline MuiInputBase-formControl MuiInput-formControl MuiInputBase-adornedEnd\\"><input aria-invalid=\\"false\\" class=\\"MuiInputBase-input MuiInput-input MuiInputBase-inputAdornedEnd\\" type=\\"text\\" value=\\"31.08.2019\\">
          <div class=\\"MuiInputAdornment-root MuiInputAdornment-positionEnd\\"><button class=\\"MuiButtonBase-root MuiIconButton-root\\" tabindex=\\"0\\" type=\\"button\\"><span class=\\"MuiIconButton-label\\"><svg class=\\"MuiSvgIcon-root\\" focusable=\\"false\\" viewBox=\\"0 0 24 24\\" aria-hidden=\\"true\\" role=\\"presentation\\"><path d=\\"M17 12h-5v5h5v-5zM16 1v2H8V1H6v2H5c-1.11 0-1.99.9-1.99 2L3 19c0 1.1.89 2 2 2h14c1.1 0 2-.9 2-2V5c0-1.1-.9-2-2-2h-1V1h-2zm3 18H5V8h14v11z\\"></path><path fill=\\"none\\" d=\\"M0 0h24v24H0z\\"></path></svg></span><span class=\\"MuiTouchRipple-root\\"></span></button></div>
        </div>
      </div>
    </div>
    <div><button class=\\"MuiButtonBase-root MuiButton-root MuiButton-contained MuiButton-containedPrimary\\" tabindex=\\"0\\" type=\\"submit\\"><span class=\\"MuiButton-label\\">Flüge exportieren</span><span class=\\"MuiTouchRipple-root\\"></span></button></div>
  </form>
  <hr class=\\"MuiDivider-root injectIntl(OrganizationSettings)-divider-2\\">
  <div class=\\"injectIntl(OrganizationSettings)-deleteButtonContainer-3\\"><button class=\\"MuiButtonBase-root MuiButton-root MuiButton-text\\" tabindex=\\"0\\" type=\\"button\\" data-cy=\\"organization-delete-button\\"><span class=\\"MuiButton-label\\"><svg class=\\"MuiSvgIcon-root\\" focusable=\\"false\\" viewBox=\\"0 0 24 24\\" aria-hidden=\\"true\\" role=\\"presentation\\"><path d=\\"M6 19c0 1.1.9 2 2 2h8c1.1 0 2-.9 2-2V7H6v12zM19 4h-3.5l-1-1h-5l-1 1H5v2h14V4z\\"></path></svg>Organisation löschen</span><span class=\\"MuiTouchRipple-root\\"></span></button></div>
</div>"
`;
