// Jest Snapshot v1, https://goo.gl/fbAQLP

exports[`routes organizations routes aircraft components FlightList renders correctly 1`] = `
Array [
  <table
    className="MuiTable-root-4 FlightList-table-1"
  >
    <thead
      className="MuiTableHead-root-5"
    >
      <tr
        className="MuiTableRow-root-6 MuiTableRow-head-9"
      >
        <th
          aria-sort={null}
          className="MuiTableCell-root-11 MuiTableCell-head-12"
          scope="col"
        >
          <span>
            Datum
          </span>
        </th>
        <th
          aria-sort={null}
          className="MuiTableCell-root-11 MuiTableCell-head-12"
          scope="col"
        >
          <span>
            Pilot
          </span>
        </th>
        <th
          aria-sort={null}
          className="MuiTableCell-root-11 MuiTableCell-head-12 FlightList-hiddenBelow600-3"
          scope="col"
        >
          <span>
            Startflugplatz
          </span>
        </th>
        <th
          aria-sort={null}
          className="MuiTableCell-root-11 MuiTableCell-head-12"
          scope="col"
        >
          <span>
            Zielflugplatz
          </span>
        </th>
        <th
          aria-sort={null}
          className="MuiTableCell-root-11 MuiTableCell-head-12 FlightList-hiddenBelow800-2"
          scope="col"
        >
          <span>
            Block off
          </span>
        </th>
        <th
          aria-sort={null}
          className="MuiTableCell-root-11 MuiTableCell-head-12 FlightList-hiddenBelow800-2"
          scope="col"
        >
          <span>
            Block on
          </span>
        </th>
        <th
          aria-sort={null}
          className="MuiTableCell-root-11 MuiTableCell-head-12"
          scope="col"
        />
      </tr>
    </thead>
    <tbody
      className="MuiTableBody-root-19"
    >
      <tr
        className="MuiTableRow-root-6"
      >
        <td
          aria-sort={null}
          className="MuiTableCell-root-11 MuiTableCell-body-13"
        >
          20.11.2018
        </td>
        <td
          aria-sort={null}
          className="MuiTableCell-root-11 MuiTableCell-body-13"
        >
          Max Muster
        </td>
        <td
          aria-sort={null}
          className="MuiTableCell-root-11 MuiTableCell-body-13 FlightList-hiddenBelow600-3"
        >
          Lommis
        </td>
        <td
          aria-sort={null}
          className="MuiTableCell-root-11 MuiTableCell-body-13"
        >
          Lommis
        </td>
        <td
          aria-sort={null}
          className="MuiTableCell-root-11 MuiTableCell-body-13 FlightList-hiddenBelow800-2"
        >
          10:00
        </td>
        <td
          aria-sort={null}
          className="MuiTableCell-root-11 MuiTableCell-body-13 FlightList-hiddenBelow800-2"
        >
          11:10
        </td>
        <td
          aria-sort={null}
          className="MuiTableCell-root-11 MuiTableCell-body-13"
        >
          <button
            className="MuiButtonBase-root-26 MuiIconButton-root-20"
            disabled={false}
            onBlur={[Function]}
            onClick={[Function]}
            onFocus={[Function]}
            onKeyDown={[Function]}
            onKeyUp={[Function]}
            onMouseDown={[Function]}
            onMouseLeave={[Function]}
            onMouseUp={[Function]}
            onTouchEnd={[Function]}
            onTouchMove={[Function]}
            onTouchStart={[Function]}
            tabIndex="0"
            type="button"
          >
            <span
              className="MuiIconButton-label-25"
            >
              <svg
                aria-hidden="true"
                className="MuiSvgIcon-root-29"
                focusable="false"
                role="presentation"
                viewBox="0 0 24 24"
              >
                <path
                  d="M6 19c0 1.1.9 2 2 2h8c1.1 0 2-.9 2-2V7H6v12zM19 4h-3.5l-1-1h-5l-1 1H5v2h14V4z"
                />
                <path
                  d="M0 0h24v24H0z"
                  fill="none"
                />
              </svg>
            </span>
            <span
              className="MuiTouchRipple-root-38"
            />
          </button>
        </td>
      </tr>
      <tr
        className="MuiTableRow-root-6"
      >
        <td
          aria-sort={null}
          className="MuiTableCell-root-11 MuiTableCell-body-13"
        >
          21.11.2018
        </td>
        <td
          aria-sort={null}
          className="MuiTableCell-root-11 MuiTableCell-body-13"
        >
          Hans Meier
        </td>
        <td
          aria-sort={null}
          className="MuiTableCell-root-11 MuiTableCell-body-13 FlightList-hiddenBelow600-3"
        >
          Lommis
        </td>
        <td
          aria-sort={null}
          className="MuiTableCell-root-11 MuiTableCell-body-13"
        >
          Lommis
        </td>
        <td
          aria-sort={null}
          className="MuiTableCell-root-11 MuiTableCell-body-13 FlightList-hiddenBelow800-2"
        >
          10:00
        </td>
        <td
          aria-sort={null}
          className="MuiTableCell-root-11 MuiTableCell-body-13 FlightList-hiddenBelow800-2"
        >
          11:10
        </td>
        <td
          aria-sort={null}
          className="MuiTableCell-root-11 MuiTableCell-body-13"
        >
          <button
            className="MuiButtonBase-root-26 MuiIconButton-root-20"
            disabled={false}
            onBlur={[Function]}
            onClick={[Function]}
            onFocus={[Function]}
            onKeyDown={[Function]}
            onKeyUp={[Function]}
            onMouseDown={[Function]}
            onMouseLeave={[Function]}
            onMouseUp={[Function]}
            onTouchEnd={[Function]}
            onTouchMove={[Function]}
            onTouchStart={[Function]}
            tabIndex="0"
            type="button"
          >
            <span
              className="MuiIconButton-label-25"
            >
              <svg
                aria-hidden="true"
                className="MuiSvgIcon-root-29"
                focusable="false"
                role="presentation"
                viewBox="0 0 24 24"
              >
                <path
                  d="M6 19c0 1.1.9 2 2 2h8c1.1 0 2-.9 2-2V7H6v12zM19 4h-3.5l-1-1h-5l-1 1H5v2h14V4z"
                />
                <path
                  d="M0 0h24v24H0z"
                  fill="none"
                />
              </svg>
            </span>
            <span
              className="MuiTouchRipple-root-38"
            />
          </button>
        </td>
      </tr>
    </tbody>
  </table>,
  <div
    className="MuiTablePagination-root-45"
  >
    <div
      className="MuiToolbar-root-55 MuiToolbar-regular-57 MuiToolbar-gutters-56 MuiTablePagination-toolbar-46"
    >
      <div
        className="MuiTablePagination-spacer-47"
      />
      <span
        className="MuiTypography-root-59 MuiTypography-caption-69 MuiTablePagination-caption-48"
      >
        11-20 of 25
      </span>
      <div
        className="MuiTablePagination-actions-54"
      >
        <button
          className="MuiButtonBase-root-26 MuiIconButton-root-20"
          disabled={false}
          onBlur={[Function]}
          onClick={[Function]}
          onFocus={[Function]}
          onKeyDown={[Function]}
          onKeyUp={[Function]}
          onMouseDown={[Function]}
          onMouseLeave={[Function]}
          onMouseUp={[Function]}
          onTouchEnd={[Function]}
          onTouchMove={[Function]}
          onTouchStart={[Function]}
          tabIndex="0"
          type="button"
        >
          <span
            className="MuiIconButton-label-25"
          >
            <svg
              aria-hidden="true"
              className="MuiSvgIcon-root-29"
              focusable="false"
              role="presentation"
              viewBox="0 0 24 24"
            >
              <path
                d="M15.41 16.09l-4.58-4.59 4.58-4.59L14 5.5l-6 6 6 6z"
              />
            </svg>
          </span>
          <span
            className="MuiTouchRipple-root-38"
          />
        </button>
        <button
          className="MuiButtonBase-root-26 MuiIconButton-root-20"
          disabled={false}
          onBlur={[Function]}
          onClick={[Function]}
          onFocus={[Function]}
          onKeyDown={[Function]}
          onKeyUp={[Function]}
          onMouseDown={[Function]}
          onMouseLeave={[Function]}
          onMouseUp={[Function]}
          onTouchEnd={[Function]}
          onTouchMove={[Function]}
          onTouchStart={[Function]}
          tabIndex="0"
          type="button"
        >
          <span
            className="MuiIconButton-label-25"
          >
            <svg
              aria-hidden="true"
              className="MuiSvgIcon-root-29"
              focusable="false"
              role="presentation"
              viewBox="0 0 24 24"
            >
              <path
                d="M8.59 16.34l4.58-4.59-4.58-4.59L10 5.75l6 6-6 6z"
              />
            </svg>
          </span>
          <span
            className="MuiTouchRipple-root-38"
          />
        </button>
      </div>
    </div>
  </div>,
]
`;
