// Jest Snapshot v1, https://goo.gl/fbAQLP

exports[`routes organizations routes aircraft components FlightList renders correctly 1`] = `
<table
  className="MuiTable-root-4 FlightList-table-1"
>
  <thead
    className="MuiTableHead-root-5"
  >
    <tr
      className="MuiTableRow-root-6 MuiTableRow-head-9"
    >
      <th
        aria-sort={null}
        className="MuiTableCell-root-11 MuiTableCell-head-12"
        scope="col"
      >
        <span>
          Datum
        </span>
      </th>
      <th
        aria-sort={null}
        className="MuiTableCell-root-11 MuiTableCell-head-12"
        scope="col"
      >
        <span>
          Pilot
        </span>
      </th>
      <th
        aria-sort={null}
        className="MuiTableCell-root-11 MuiTableCell-head-12 FlightList-hiddenBelow600-3"
        scope="col"
      >
        <span>
          Startflugplatz
        </span>
      </th>
      <th
        aria-sort={null}
        className="MuiTableCell-root-11 MuiTableCell-head-12"
        scope="col"
      >
        <span>
          Zielflugplatz
        </span>
      </th>
      <th
        aria-sort={null}
        className="MuiTableCell-root-11 MuiTableCell-head-12 FlightList-hiddenBelow800-2"
        scope="col"
      >
        <span>
          Block off
        </span>
      </th>
      <th
        aria-sort={null}
        className="MuiTableCell-root-11 MuiTableCell-head-12 FlightList-hiddenBelow800-2"
        scope="col"
      >
        <span>
          Block on
        </span>
      </th>
    </tr>
  </thead>
  <tbody
    className="MuiTableBody-root-19"
  >
    <tr
      className="MuiTableRow-root-6"
    >
      <td
        aria-sort={null}
        className="MuiTableCell-root-11 MuiTableCell-body-13"
      >
        20.11.2018
      </td>
      <td
        aria-sort={null}
        className="MuiTableCell-root-11 MuiTableCell-body-13"
      >
        Max Muster
      </td>
      <td
        aria-sort={null}
        className="MuiTableCell-root-11 MuiTableCell-body-13 FlightList-hiddenBelow600-3"
      >
        Lommis
      </td>
      <td
        aria-sort={null}
        className="MuiTableCell-root-11 MuiTableCell-body-13"
      >
        Lommis
      </td>
      <td
        aria-sort={null}
        className="MuiTableCell-root-11 MuiTableCell-body-13 FlightList-hiddenBelow800-2"
      >
        10:00
      </td>
      <td
        aria-sort={null}
        className="MuiTableCell-root-11 MuiTableCell-body-13 FlightList-hiddenBelow800-2"
      >
        11:10
      </td>
    </tr>
    <tr
      className="MuiTableRow-root-6"
    >
      <td
        aria-sort={null}
        className="MuiTableCell-root-11 MuiTableCell-body-13"
      >
        21.11.2018
      </td>
      <td
        aria-sort={null}
        className="MuiTableCell-root-11 MuiTableCell-body-13"
      >
        Hans Meier
      </td>
      <td
        aria-sort={null}
        className="MuiTableCell-root-11 MuiTableCell-body-13 FlightList-hiddenBelow600-3"
      >
        Lommis
      </td>
      <td
        aria-sort={null}
        className="MuiTableCell-root-11 MuiTableCell-body-13"
      >
        Lommis
      </td>
      <td
        aria-sort={null}
        className="MuiTableCell-root-11 MuiTableCell-body-13 FlightList-hiddenBelow800-2"
      >
        10:00
      </td>
      <td
        aria-sort={null}
        className="MuiTableCell-root-11 MuiTableCell-body-13 FlightList-hiddenBelow800-2"
      >
        11:10
      </td>
    </tr>
  </tbody>
</table>
`;
