// Jest Snapshot v1, https://goo.gl/fbAQLP

exports[`components LoginPage redirects to start page if authenticated 1`] = `
<div>
  start page
</div>
`;

exports[`components LoginPage renders login form if not authenticated 1`] = `
<main
  className="LoginPage-layout-1"
>
  <form
    onSubmit={[Function]}
  >
    <div
      className="MuiFormControl-root-4 MuiFormControl-marginNormal-5 MuiFormControl-fullWidth-7"
    >
      <label
        className="MuiFormLabel-root-15 MuiFormLabel-filled-19 MuiFormLabel-required-20 MuiInputLabel-root-8 MuiInputLabel-formControl-9 MuiInputLabel-animated-12 MuiInputLabel-shrink-11"
        data-shrink={true}
        htmlFor="email"
      >
        <span>
          E-Mail
        </span>
        <span
          className="MuiFormLabel-asterisk-21"
        >
           *
        </span>
      </label>
      <div
        className="MuiInputBase-root-35 MuiInput-root-22 MuiInput-underline-26 MuiInputBase-formControl-36 MuiInput-formControl-23"
        data-cy="email"
        onClick={[Function]}
      >
        <input
          aria-invalid={false}
          autoComplete="email"
          autoFocus={true}
          className="MuiInputBase-input-45 MuiInput-input-30"
          disabled={false}
          id="email"
          name="email"
          onBlur={[Function]}
          onChange={[Function]}
          onFocus={[Function]}
          required={true}
          type="text"
          value="test@example.com"
        />
      </div>
    </div>
    <div
      className="MuiFormControl-root-4 MuiFormControl-marginNormal-5 MuiFormControl-fullWidth-7"
    >
      <label
        className="MuiFormLabel-root-15 MuiFormLabel-filled-19 MuiFormLabel-required-20 MuiInputLabel-root-8 MuiInputLabel-formControl-9 MuiInputLabel-animated-12 MuiInputLabel-shrink-11"
        data-shrink={true}
        htmlFor="password"
      >
        <span>
          Passwort
        </span>
        <span
          className="MuiFormLabel-asterisk-21"
        >
           *
        </span>
      </label>
      <div
        className="MuiInputBase-root-35 MuiInput-root-22 MuiInput-underline-26 MuiInputBase-formControl-36 MuiInput-formControl-23"
        data-cy="password"
        onClick={[Function]}
      >
        <input
          aria-invalid={false}
          autoComplete="current-password"
          className="MuiInputBase-input-45 MuiInput-input-30 MuiInputBase-inputType-48 MuiInput-inputType-33"
          disabled={false}
          id="password"
          name="password"
          onBlur={[Function]}
          onChange={[Function]}
          onFocus={[Function]}
          required={true}
          type="password"
          value="mypassword"
        />
      </div>
    </div>
    <button
      className="MuiButtonBase-root-78 MuiButton-root-52 MuiButton-contained-63 MuiButton-containedPrimary-64 MuiButton-raised-66 MuiButton-raisedPrimary-67 MuiButton-fullWidth-77"
      data-cy="submit"
      disabled={false}
      onBlur={[Function]}
      onFocus={[Function]}
      onKeyDown={[Function]}
      onKeyUp={[Function]}
      onMouseDown={[Function]}
      onMouseLeave={[Function]}
      onMouseUp={[Function]}
      onTouchEnd={[Function]}
      onTouchMove={[Function]}
      onTouchStart={[Function]}
      tabIndex="0"
      type="submit"
    >
      <span
        className="MuiButton-label-53"
      >
        <span>
          Anmelden
        </span>
      </span>
      <span
        className="MuiTouchRipple-root-81"
      />
    </button>
  </form>
  <a
    className="MuiButtonBase-root-78 MuiButton-root-52 MuiButton-contained-63 MuiButton-containedPrimary-64 MuiButton-raised-66 MuiButton-raisedPrimary-67 MuiButton-fullWidth-77 LoginPage-registrationButton-2"
    data-cy="registration"
    href="/register"
    onBlur={[Function]}
    onFocus={[Function]}
    onKeyDown={[Function]}
    onKeyUp={[Function]}
    onMouseDown={[Function]}
    onMouseLeave={[Function]}
    onMouseUp={[Function]}
    onTouchEnd={[Function]}
    onTouchMove={[Function]}
    onTouchStart={[Function]}
    role="button"
    tabIndex="0"
  >
    <span
      className="MuiButton-label-53"
    >
      <span>
        Noch kein Konto? Hier registrieren!
      </span>
    </span>
    <span
      className="MuiTouchRipple-root-81"
    />
  </a>
</main>
`;
