// Jest Snapshot v1, https://goo.gl/fbAQLP

exports[`routes organizations routes aircraft components AircraftDetail redirects to start page if organization was not found 1`] = `
<div>
  Start Page
</div>
`;

exports[`routes organizations routes aircraft components AircraftDetail renders aircraft detail when everything is loaded 1`] = `
<div
  className="AircraftDetail-container-1"
>
  <h1
    className="MuiTypography-root-13 MuiTypography-display1-17 MuiTypography-gutterBottom-31"
  >
    HBKFW
  </h1>
  <button
    className="MuiButtonBase-root-65 MuiButton-root-39 MuiButton-contained-50 MuiButton-raised-53"
    disabled={false}
    onBlur={[Function]}
    onClick={[Function]}
    onFocus={[Function]}
    onKeyDown={[Function]}
    onKeyUp={[Function]}
    onMouseDown={[Function]}
    onMouseLeave={[Function]}
    onMouseUp={[Function]}
    onTouchEnd={[Function]}
    onTouchMove={[Function]}
    onTouchStart={[Function]}
    tabIndex="0"
    type="button"
  >
    <span
      className="MuiButton-label-40"
    >
      <span>
        Flug erfassen
      </span>
    </span>
    <span
      className="MuiTouchRipple-root-68"
    />
  </button>
  <table
    className="MuiTable-root-78 FlightList-table-75"
  >
    <thead
      className="MuiTableHead-root-79"
    >
      <tr
        className="MuiTableRow-root-80 MuiTableRow-head-83"
      >
        <th
          aria-sort={null}
          className="MuiTableCell-root-85 MuiTableCell-head-86"
          scope="col"
        >
          <span>
            Datum
          </span>
        </th>
        <th
          aria-sort={null}
          className="MuiTableCell-root-85 MuiTableCell-head-86"
          scope="col"
        >
          <span>
            Pilot
          </span>
        </th>
        <th
          aria-sort={null}
          className="MuiTableCell-root-85 MuiTableCell-head-86 FlightList-hiddenBelow600-77"
          scope="col"
        >
          <span>
            Startflugplatz
          </span>
        </th>
        <th
          aria-sort={null}
          className="MuiTableCell-root-85 MuiTableCell-head-86"
          scope="col"
        >
          <span>
            Zielflugplatz
          </span>
        </th>
        <th
          aria-sort={null}
          className="MuiTableCell-root-85 MuiTableCell-head-86 FlightList-hiddenBelow800-76"
          scope="col"
        >
          <span>
            Block off
          </span>
        </th>
        <th
          aria-sort={null}
          className="MuiTableCell-root-85 MuiTableCell-head-86 FlightList-hiddenBelow800-76"
          scope="col"
        >
          <span>
            Block on
          </span>
        </th>
        <th
          aria-sort={null}
          className="MuiTableCell-root-85 MuiTableCell-head-86"
          scope="col"
        />
      </tr>
    </thead>
    <tbody
      className="MuiTableBody-root-93"
    >
      <tr
        className="MuiTableRow-root-80"
      >
        <td
          aria-sort={null}
          className="MuiTableCell-root-85 MuiTableCell-body-87"
        >
          20.11.2018
        </td>
        <td
          aria-sort={null}
          className="MuiTableCell-root-85 MuiTableCell-body-87"
        >
          Max Muster
        </td>
        <td
          aria-sort={null}
          className="MuiTableCell-root-85 MuiTableCell-body-87 FlightList-hiddenBelow600-77"
        >
          Lommis
        </td>
        <td
          aria-sort={null}
          className="MuiTableCell-root-85 MuiTableCell-body-87"
        >
          Lommis
        </td>
        <td
          aria-sort={null}
          className="MuiTableCell-root-85 MuiTableCell-body-87 FlightList-hiddenBelow800-76"
        >
          10:00
        </td>
        <td
          aria-sort={null}
          className="MuiTableCell-root-85 MuiTableCell-body-87 FlightList-hiddenBelow800-76"
        >
          11:10
        </td>
        <td
          aria-sort={null}
          className="MuiTableCell-root-85 MuiTableCell-body-87"
        >
          <button
            className="MuiButtonBase-root-65 MuiIconButton-root-94"
            disabled={false}
            onBlur={[Function]}
            onClick={[Function]}
            onFocus={[Function]}
            onKeyDown={[Function]}
            onKeyUp={[Function]}
            onMouseDown={[Function]}
            onMouseLeave={[Function]}
            onMouseUp={[Function]}
            onTouchEnd={[Function]}
            onTouchMove={[Function]}
            onTouchStart={[Function]}
            tabIndex="0"
            type="button"
          >
            <span
              className="MuiIconButton-label-99"
            >
              <svg
                aria-hidden="true"
                className="MuiSvgIcon-root-100"
                focusable="false"
                role="presentation"
                viewBox="0 0 24 24"
              >
                <path
                  d="M6 19c0 1.1.9 2 2 2h8c1.1 0 2-.9 2-2V7H6v12zM19 4h-3.5l-1-1h-5l-1 1H5v2h14V4z"
                />
                <path
                  d="M0 0h24v24H0z"
                  fill="none"
                />
              </svg>
            </span>
            <span
              className="MuiTouchRipple-root-68"
            />
          </button>
        </td>
      </tr>
    </tbody>
  </table>
  <div
    className="MuiTablePagination-root-109"
  >
    <div
      className="MuiToolbar-root-119 MuiToolbar-regular-121 MuiToolbar-gutters-120 MuiTablePagination-toolbar-110"
    >
      <div
        className="MuiTablePagination-spacer-111"
      />
      <span
        className="MuiTypography-root-13 MuiTypography-caption-23 MuiTablePagination-caption-112"
      >
        1-10 of 45
      </span>
      <div
        className="MuiTablePagination-actions-118"
      >
        <button
          className="MuiButtonBase-root-65 MuiButtonBase-disabled-66 MuiIconButton-root-94 MuiIconButton-disabled-98"
          disabled={true}
          onBlur={[Function]}
          onClick={[Function]}
          onFocus={[Function]}
          onKeyDown={[Function]}
          onKeyUp={[Function]}
          onMouseDown={[Function]}
          onMouseLeave={[Function]}
          onMouseUp={[Function]}
          onTouchEnd={[Function]}
          onTouchMove={[Function]}
          onTouchStart={[Function]}
          tabIndex="-1"
          type="button"
        >
          <span
            className="MuiIconButton-label-99"
          >
            <svg
              aria-hidden="true"
              className="MuiSvgIcon-root-100"
              focusable="false"
              role="presentation"
              viewBox="0 0 24 24"
            >
              <path
                d="M15.41 16.09l-4.58-4.59 4.58-4.59L14 5.5l-6 6 6 6z"
              />
            </svg>
          </span>
        </button>
        <button
          className="MuiButtonBase-root-65 MuiIconButton-root-94"
          disabled={false}
          onBlur={[Function]}
          onClick={[Function]}
          onFocus={[Function]}
          onKeyDown={[Function]}
          onKeyUp={[Function]}
          onMouseDown={[Function]}
          onMouseLeave={[Function]}
          onMouseUp={[Function]}
          onTouchEnd={[Function]}
          onTouchMove={[Function]}
          onTouchStart={[Function]}
          tabIndex="0"
          type="button"
        >
          <span
            className="MuiIconButton-label-99"
          >
            <svg
              aria-hidden="true"
              className="MuiSvgIcon-root-100"
              focusable="false"
              role="presentation"
              viewBox="0 0 24 24"
            >
              <path
                d="M8.59 16.34l4.58-4.59-4.58-4.59L10 5.75l6 6-6 6z"
              />
            </svg>
          </span>
          <span
            className="MuiTouchRipple-root-68"
          />
        </button>
      </div>
    </div>
  </div>
</div>
`;

exports[`routes organizations routes aircraft components AircraftDetail renders loading icon if aircraft not loaded 1`] = `
<div
  className="LoadingIcon-container-2"
>
  <div
    className="MuiCircularProgress-root-4 MuiCircularProgress-colorPrimary-7 MuiCircularProgress-indeterminate-6 LoadingIcon-icon-3"
    role="progressbar"
    style={
      Object {
        "height": 40,
        "width": 40,
      }
    }
  >
    <svg
      className="MuiCircularProgress-svg-9"
      viewBox="22 22 44 44"
    >
      <circle
        className="MuiCircularProgress-circle-10 MuiCircularProgress-circleIndeterminate-12"
        cx={44}
        cy={44}
        fill="none"
        r={20.2}
        strokeWidth={3.6}
        style={Object {}}
      />
    </svg>
  </div>
</div>
`;

exports[`routes organizations routes aircraft components AircraftDetail renders loading icon if flights not loaded 1`] = `
<div
  className="LoadingIcon-container-2"
>
  <div
    className="MuiCircularProgress-root-4 MuiCircularProgress-colorPrimary-7 MuiCircularProgress-indeterminate-6 LoadingIcon-icon-3"
    role="progressbar"
    style={
      Object {
        "height": 40,
        "width": 40,
      }
    }
  >
    <svg
      className="MuiCircularProgress-svg-9"
      viewBox="22 22 44 44"
    >
      <circle
        className="MuiCircularProgress-circle-10 MuiCircularProgress-circleIndeterminate-12"
        cx={44}
        cy={44}
        fill="none"
        r={20.2}
        strokeWidth={3.6}
        style={Object {}}
      />
    </svg>
  </div>
</div>
`;

exports[`routes organizations routes aircraft components AircraftDetail renders loading icon if organization not loaded 1`] = `
<div
  className="LoadingIcon-container-2"
>
  <div
    className="MuiCircularProgress-root-4 MuiCircularProgress-colorPrimary-7 MuiCircularProgress-indeterminate-6 LoadingIcon-icon-3"
    role="progressbar"
    style={
      Object {
        "height": 40,
        "width": 40,
      }
    }
  >
    <svg
      className="MuiCircularProgress-svg-9"
      viewBox="22 22 44 44"
    >
      <circle
        className="MuiCircularProgress-circle-10 MuiCircularProgress-circleIndeterminate-12"
        cx={44}
        cy={44}
        fill="none"
        r={20.2}
        strokeWidth={3.6}
        style={Object {}}
      />
    </svg>
  </div>
</div>
`;
