// Jest Snapshot v1, https://goo.gl/fbAQLP

exports[`routes organizations routes aircraft components AircraftDetail redirects to start page if organization was not found 1`] = `
<div>
  Start Page
</div>
`;

exports[`routes organizations routes aircraft components AircraftDetail renders aircraft detail when everything is loaded 1`] = `
<div
  className="AircraftDetail-container-1"
>
  <h4
    className="MuiTypography-root MuiTypography-h4 MuiTypography-gutterBottom"
  >
    HBKFW
    <a
      aria-disabled={false}
      className="MuiButtonBase-root MuiButton-root AircraftDetail-settingsButton-3 MuiButton-text MuiButton-textPrimary"
      href="/organizations/my_org/aircrafts/o7flC7jw8jmkOfWo8oyA/settings"
      onBlur={[Function]}
      onDragLeave={[Function]}
      onFocus={[Function]}
      onKeyDown={[Function]}
      onKeyUp={[Function]}
      onMouseDown={[Function]}
      onMouseLeave={[Function]}
      onMouseUp={[Function]}
      onTouchEnd={[Function]}
      onTouchMove={[Function]}
      onTouchStart={[Function]}
      tabIndex={0}
    >
      <span
        className="MuiButton-label"
      >
        Einstellungen bearbeiten
      </span>
    </a>
  </h4>
  <h5
    className="MuiTypography-root AircraftDetail-sectionHeading-2 MuiTypography-h5 MuiTypography-gutterBottom"
  >
    Offene Techlog-Einträge
  </h5>
  <button
    className="MuiButtonBase-root MuiButton-root MuiButton-contained MuiButton-containedPrimary"
    disabled={false}
    onBlur={[Function]}
    onClick={[Function]}
    onDragLeave={[Function]}
    onFocus={[Function]}
    onKeyDown={[Function]}
    onKeyUp={[Function]}
    onMouseDown={[Function]}
    onMouseLeave={[Function]}
    onMouseUp={[Function]}
    onTouchEnd={[Function]}
    onTouchMove={[Function]}
    onTouchStart={[Function]}
    tabIndex={0}
    type="button"
  >
    <span
      className="MuiButton-label"
    >
      Eintrag erfassen
    </span>
  </button>
  <div
    className="Techlog-container-69"
  >
    <div
      className="MuiPaper-root MuiPaper-elevation1 MuiExpansionPanel-root MuiExpansionPanel-rounded MuiPaper-rounded"
    >
      <div
        aria-disabled={false}
        aria-expanded={false}
        className="MuiButtonBase-root MuiExpansionPanelSummary-root"
        onBlur={[Function]}
        onClick={[Function]}
        onDragLeave={[Function]}
        onFocus={[Function]}
        onKeyDown={[Function]}
        onKeyUp={[Function]}
        onMouseDown={[Function]}
        onMouseLeave={[Function]}
        onMouseUp={[Function]}
        onTouchEnd={[Function]}
        onTouchMove={[Function]}
        onTouchStart={[Function]}
        role="button"
        tabIndex={0}
      >
        <div
          className="MuiExpansionPanelSummary-content"
        >
          <div
            className="Techlog-entryHeading-70"
          >
            <p
              className="MuiTypography-root MuiTypography-body1 MuiTypography-paragraph"
            >
              Schraube am Bugfahrwerk locker
              <br />
            </p>
            <span
              className="MuiTypography-root EntryStatus-status-115 EntryStatus-severe-116 MuiTypography-body1"
            >
              Defect (not airworthy)
            </span>
          </div>
          <p
            className="MuiTypography-root Techlog-entrySecondaryHeading-71 MuiTypography-body1"
          >
            Hans
             
            Meier
            , 
            25.06.2020
             
            09:54
          </p>
        </div>
        <div
          aria-disabled={false}
          aria-hidden={true}
          className="MuiButtonBase-root MuiIconButton-root MuiExpansionPanelSummary-expandIcon MuiIconButton-edgeEnd"
          onBlur={[Function]}
          onDragLeave={[Function]}
          onFocus={[Function]}
          onKeyDown={[Function]}
          onKeyUp={[Function]}
          onMouseDown={[Function]}
          onMouseLeave={[Function]}
          onMouseUp={[Function]}
          onTouchEnd={[Function]}
          onTouchMove={[Function]}
          onTouchStart={[Function]}
          role="button"
          tabIndex={-1}
        >
          <span
            className="MuiIconButton-label"
          >
            <svg
              aria-hidden="true"
              className="MuiSvgIcon-root"
              focusable="false"
              role="presentation"
              viewBox="0 0 24 24"
            >
              <path
                d="M16.59 8.59L12 13.17 7.41 8.59 6 10l6 6 6-6z"
              />
            </svg>
          </span>
        </div>
      </div>
      <div
        className="MuiCollapse-container MuiCollapse-hidden"
        style={
          Object {
            "minHeight": "0px",
          }
        }
      >
        <div
          className="MuiCollapse-wrapper"
        >
          <div
            className="MuiCollapse-wrapperInner"
          >
            <div
              role="region"
            />
          </div>
        </div>
      </div>
    </div>
  </div>
  <a
    aria-disabled={false}
    className="MuiButtonBase-root MuiButton-root MuiButton-text MuiButton-textPrimary"
    href="/organizations/my_org/aircrafts/o7flC7jw8jmkOfWo8oyA/techlog"
    onBlur={[Function]}
    onDragLeave={[Function]}
    onFocus={[Function]}
    onKeyDown={[Function]}
    onKeyUp={[Function]}
    onMouseDown={[Function]}
    onMouseLeave={[Function]}
    onMouseUp={[Function]}
    onTouchEnd={[Function]}
    onTouchMove={[Function]}
    onTouchStart={[Function]}
    tabIndex={0}
  >
    <span
      className="MuiButton-label"
    >
      Alle anzeigen
    </span>
  </a>
  <h5
    className="MuiTypography-root AircraftDetail-sectionHeading-2 MuiTypography-h5 MuiTypography-gutterBottom"
  >
    Neueste Flüge
  </h5>
  <button
    className="MuiButtonBase-root MuiButton-root MuiButton-contained MuiButton-containedPrimary"
    disabled={false}
    onBlur={[Function]}
    onClick={[Function]}
    onDragLeave={[Function]}
    onFocus={[Function]}
    onKeyDown={[Function]}
    onKeyUp={[Function]}
    onMouseDown={[Function]}
    onMouseLeave={[Function]}
    onMouseUp={[Function]}
    onTouchEnd={[Function]}
    onTouchMove={[Function]}
    onTouchStart={[Function]}
    tabIndex={0}
    type="button"
  >
    <span
      className="MuiButton-label"
    >
      Flug erfassen
    </span>
  </button>
  <div
    className="FlightList-container-144"
  >
    <div
      className="MuiPaper-root MuiPaper-elevation1 MuiExpansionPanel-root MuiExpansionPanel-rounded MuiPaper-rounded"
      data-id="sStfyLd2XArT7oUZPFDn"
    >
      <div
        aria-disabled={false}
        aria-expanded={false}
        className="MuiButtonBase-root MuiExpansionPanelSummary-root"
        onBlur={[Function]}
        onClick={[Function]}
        onDragLeave={[Function]}
        onFocus={[Function]}
        onKeyDown={[Function]}
        onKeyUp={[Function]}
        onMouseDown={[Function]}
        onMouseLeave={[Function]}
        onMouseUp={[Function]}
        onTouchEnd={[Function]}
        onTouchMove={[Function]}
        onTouchStart={[Function]}
        role="button"
        tabIndex={0}
      >
        <div
          className="MuiExpansionPanelSummary-content"
        >
          <div
            className="FlightList-flightHeading-145"
          >
            <p
              className="MuiTypography-root MuiTypography-body1"
            >
              Von 
              <span
                className="FlightList-bold-147"
              >
                LSZT
              </span>
               nach 
              <span
                className="FlightList-bold-147"
              >
                LSZT
              </span>
               — Max Muster
            </p>
          </div>
          <p
            className="MuiTypography-root FlightList-flightSecondaryHeading-146 MuiTypography-body1"
          >
            20.11.2018
            ,
             
            10:00
            -
            11:10
          </p>
        </div>
        <div
          aria-disabled={false}
          aria-hidden={true}
          className="MuiButtonBase-root MuiIconButton-root MuiExpansionPanelSummary-expandIcon MuiIconButton-edgeEnd"
          onBlur={[Function]}
          onDragLeave={[Function]}
          onFocus={[Function]}
          onKeyDown={[Function]}
          onKeyUp={[Function]}
          onMouseDown={[Function]}
          onMouseLeave={[Function]}
          onMouseUp={[Function]}
          onTouchEnd={[Function]}
          onTouchMove={[Function]}
          onTouchStart={[Function]}
          role="button"
          tabIndex={-1}
        >
          <span
            className="MuiIconButton-label"
          >
            <svg
              aria-hidden="true"
              className="MuiSvgIcon-root"
              focusable="false"
              role="presentation"
              viewBox="0 0 24 24"
            >
              <path
                d="M16.59 8.59L12 13.17 7.41 8.59 6 10l6 6 6-6z"
              />
            </svg>
          </span>
        </div>
      </div>
      <div
        className="MuiCollapse-container MuiCollapse-hidden"
        style={
          Object {
            "minHeight": "0px",
          }
        }
      >
        <div
          className="MuiCollapse-wrapper"
        >
          <div
            className="MuiCollapse-wrapperInner"
          >
            <div
              role="region"
            />
          </div>
        </div>
      </div>
    </div>
  </div>
  <a
    aria-disabled={false}
    className="MuiButtonBase-root MuiButton-root MuiButton-text MuiButton-textPrimary"
    href="/organizations/my_org/aircrafts/o7flC7jw8jmkOfWo8oyA/flights"
    onBlur={[Function]}
    onDragLeave={[Function]}
    onFocus={[Function]}
    onKeyDown={[Function]}
    onKeyUp={[Function]}
    onMouseDown={[Function]}
    onMouseLeave={[Function]}
    onMouseUp={[Function]}
    onTouchEnd={[Function]}
    onTouchMove={[Function]}
    onTouchStart={[Function]}
    tabIndex={0}
  >
    <span
      className="MuiButton-label"
    >
      Alle anzeigen
    </span>
  </a>
</div>
`;

exports[`routes organizations routes aircraft components AircraftDetail renders loading icon if aircraft not loaded 1`] = `
<div
  className="LoadingIcon-container-4"
>
  <div
    className="MuiCircularProgress-root LoadingIcon-icon-5 MuiCircularProgress-colorPrimary MuiCircularProgress-indeterminate"
    role="progressbar"
    style={
      Object {
        "height": 40,
        "width": 40,
      }
    }
  >
    <svg
      className="MuiCircularProgress-svg"
      viewBox="22 22 44 44"
    >
      <circle
        className="MuiCircularProgress-circle MuiCircularProgress-circleIndeterminate"
        cx={44}
        cy={44}
        fill="none"
        r={20.2}
        strokeWidth={3.6}
        style={Object {}}
      />
    </svg>
  </div>
</div>
`;

exports[`routes organizations routes aircraft components AircraftDetail renders loading icon if organization not loaded 1`] = `
<div
  className="LoadingIcon-container-4"
>
  <div
    className="MuiCircularProgress-root LoadingIcon-icon-5 MuiCircularProgress-colorPrimary MuiCircularProgress-indeterminate"
    role="progressbar"
    style={
      Object {
        "height": 40,
        "width": 40,
      }
    }
  >
    <svg
      className="MuiCircularProgress-svg"
      viewBox="22 22 44 44"
    >
      <circle
        className="MuiCircularProgress-circle MuiCircularProgress-circleIndeterminate"
        cx={44}
        cy={44}
        fill="none"
        r={20.2}
        strokeWidth={3.6}
        style={Object {}}
      />
    </svg>
  </div>
</div>
`;
