// Jest Snapshot v1, https://goo.gl/fbAQLP

exports[`components App renders app if authenticated 1`] = `
Array [
  <div
    data-cy="username"
  >
    test@example.com
  </div>,
  <button
    onClick={[Function]}
  >
    <span>
      Abmelden
    </span>
  </button>,
]
`;

exports[`components App renders loading icon if not initialized 1`] = `
<div
  className="LoadingIcon-container-1"
>
  <div
    className="MuiCircularProgress-root-3 MuiCircularProgress-colorPrimary-6 MuiCircularProgress-indeterminate-5 LoadingIcon-icon-2"
    role="progressbar"
    style={
      Object {
        "height": 50,
        "width": 50,
      }
    }
  >
    <svg
      className="MuiCircularProgress-svg-8"
      viewBox="22 22 44 44"
    >
      <circle
        className="MuiCircularProgress-circle-9 MuiCircularProgress-circleIndeterminate-11"
        cx={44}
        cy={44}
        fill="none"
        r={20.2}
        strokeWidth={3.6}
        style={Object {}}
      />
    </svg>
  </div>
</div>
`;

exports[`components App renders login form if not authenticated 1`] = `
<main
  className="LoginPage-layout-12"
>
  <form
    onSubmit={[Function]}
  >
    <div
      className="MuiFormControl-root-15 MuiFormControl-marginNormal-16 MuiFormControl-fullWidth-18"
    >
      <label
        className="MuiFormLabel-root-26 MuiFormLabel-required-31 MuiInputLabel-root-19 MuiInputLabel-formControl-20 MuiInputLabel-animated-23"
        data-shrink={false}
        htmlFor="email"
      >
        <span>
          E-Mail
        </span>
        <span
          className="MuiFormLabel-asterisk-32"
        >
           *
        </span>
      </label>
      <div
        className="MuiInputBase-root-46 MuiInput-root-33 MuiInput-underline-37 MuiInputBase-formControl-47 MuiInput-formControl-34"
        data-cy="email"
        onClick={[Function]}
      >
        <input
          aria-invalid={false}
          autoComplete="email"
          autoFocus={true}
          className="MuiInputBase-input-56 MuiInput-input-41"
          disabled={false}
          id="email"
          name="email"
          onBlur={[Function]}
          onChange={[Function]}
          onFocus={[Function]}
          required={true}
          type="text"
          value=""
        />
      </div>
    </div>
    <div
      className="MuiFormControl-root-15 MuiFormControl-marginNormal-16 MuiFormControl-fullWidth-18"
    >
      <label
        className="MuiFormLabel-root-26 MuiFormLabel-required-31 MuiInputLabel-root-19 MuiInputLabel-formControl-20 MuiInputLabel-animated-23"
        data-shrink={false}
        htmlFor="password"
      >
        <span>
          Passwort
        </span>
        <span
          className="MuiFormLabel-asterisk-32"
        >
           *
        </span>
      </label>
      <div
        className="MuiInputBase-root-46 MuiInput-root-33 MuiInput-underline-37 MuiInputBase-formControl-47 MuiInput-formControl-34"
        data-cy="password"
        onClick={[Function]}
      >
        <input
          aria-invalid={false}
          autoComplete="current-password"
          className="MuiInputBase-input-56 MuiInput-input-41 MuiInputBase-inputType-59 MuiInput-inputType-44"
          disabled={false}
          id="password"
          name="password"
          onBlur={[Function]}
          onChange={[Function]}
          onFocus={[Function]}
          required={true}
          type="password"
          value=""
        />
      </div>
    </div>
    <button
      className="MuiButtonBase-root-89 MuiButton-root-63 MuiButton-contained-74 MuiButton-containedPrimary-75 MuiButton-raised-77 MuiButton-raisedPrimary-78 MuiButton-fullWidth-88"
      data-cy="submit"
      disabled={false}
      onBlur={[Function]}
      onFocus={[Function]}
      onKeyDown={[Function]}
      onKeyUp={[Function]}
      onMouseDown={[Function]}
      onMouseLeave={[Function]}
      onMouseUp={[Function]}
      onTouchEnd={[Function]}
      onTouchMove={[Function]}
      onTouchStart={[Function]}
      tabIndex="0"
      type="submit"
    >
      <span
        className="MuiButton-label-64"
      >
        <span>
          Anmelden
        </span>
      </span>
      <span
        className="MuiTouchRipple-root-92"
      />
    </button>
  </form>
  <a
    className="MuiButtonBase-root-89 MuiButton-root-63 MuiButton-contained-74 MuiButton-containedPrimary-75 MuiButton-raised-77 MuiButton-raisedPrimary-78 MuiButton-fullWidth-88 LoginPage-registrationButton-13"
    data-cy="registration"
    href="/register"
    onBlur={[Function]}
    onFocus={[Function]}
    onKeyDown={[Function]}
    onKeyUp={[Function]}
    onMouseDown={[Function]}
    onMouseLeave={[Function]}
    onMouseUp={[Function]}
    onTouchEnd={[Function]}
    onTouchMove={[Function]}
    onTouchStart={[Function]}
    role="button"
    tabIndex="0"
  >
    <span
      className="MuiButton-label-64"
    >
      <span>
        Noch kein Konto? Hier registrieren!
      </span>
    </span>
    <span
      className="MuiTouchRipple-root-92"
    />
  </a>
</main>
`;
