// Jest Snapshot v1, https://goo.gl/fbAQLP

exports[`components IntegerField renders correctly 1`] = `
"<div class=\\"MuiFormControl-root MuiTextField-root MuiFormControl-marginNormal MuiFormControl-fullWidth\\" cy=\\"test-field\\"><label class=\\"MuiFormLabel-root MuiInputLabel-root MuiInputLabel-formControl MuiInputLabel-animated MuiInputLabel-shrink MuiFormLabel-filled\\" data-shrink=\\"true\\">test field</label>
  <div class=\\"MuiInputBase-root MuiInput-root MuiInput-underline MuiInputBase-fullWidth MuiInput-fullWidth MuiInputBase-formControl MuiInput-formControl\\"><input aria-invalid=\\"false\\" class=\\"MuiInputBase-input MuiInput-input\\" type=\\"number\\" value=\\"3\\"></div>
</div>"
`;

exports[`components IntegerField renders disabled 1`] = `
"<div class=\\"MuiFormControl-root MuiTextField-root MuiFormControl-marginNormal MuiFormControl-fullWidth\\" cy=\\"test-field\\"><label class=\\"MuiFormLabel-root MuiInputLabel-root MuiInputLabel-formControl MuiInputLabel-animated MuiInputLabel-shrink Mui-disabled Mui-disabled MuiFormLabel-filled\\" data-shrink=\\"true\\">test field</label>
  <div class=\\"MuiInputBase-root MuiInput-root MuiInput-underline Mui-disabled Mui-disabled MuiInputBase-fullWidth MuiInput-fullWidth MuiInputBase-formControl MuiInput-formControl\\"><input aria-invalid=\\"false\\" class=\\"MuiInputBase-input MuiInput-input Mui-disabled Mui-disabled\\" disabled=\\"\\" type=\\"number\\" value=\\"3\\"></div>
</div>"
`;

exports[`components IntegerField renders in error mode 1`] = `
"<div class=\\"MuiFormControl-root MuiTextField-root MuiFormControl-marginNormal MuiFormControl-fullWidth\\" cy=\\"test-field\\"><label class=\\"MuiFormLabel-root MuiInputLabel-root MuiInputLabel-formControl MuiInputLabel-animated MuiInputLabel-shrink Mui-error Mui-error MuiFormLabel-filled\\" data-shrink=\\"true\\">test field</label>
  <div class=\\"MuiInputBase-root MuiInput-root MuiInput-underline Mui-error Mui-error MuiInputBase-fullWidth MuiInput-fullWidth MuiInputBase-formControl MuiInput-formControl\\"><input aria-invalid=\\"true\\" class=\\"MuiInputBase-input MuiInput-input\\" type=\\"number\\" value=\\"3\\"></div>
</div>"
`;
