// Jest Snapshot v1, https://goo.gl/fbAQLP

exports[`routes organizations routes settings components MemberList renders loading icon if members not loaded 1`] = `
<div
  className="LoadingIcon-container-1"
>
  <div
    className="MuiCircularProgress-root-3 MuiCircularProgress-colorPrimary-6 MuiCircularProgress-indeterminate-5 LoadingIcon-icon-2"
    role="progressbar"
    style={
      Object {
        "height": 40,
        "width": 40,
      }
    }
  >
    <svg
      className="MuiCircularProgress-svg-8"
      viewBox="22 22 44 44"
    >
      <circle
        className="MuiCircularProgress-circle-9 MuiCircularProgress-circleIndeterminate-11"
        cx={44}
        cy={44}
        fill="none"
        r={20.2}
        strokeWidth={3.6}
        style={Object {}}
      />
    </svg>
  </div>
</div>
`;

exports[`routes organizations routes settings components MemberList renders members if loaded 1`] = `
Array [
  <ul
    className="MuiList-root-12 MuiList-padding-13"
  >
    <li
      className="MuiListItem-container-17"
    >
      <div
        className="MuiListItem-root-16 MuiListItem-default-19 MuiListItem-secondaryAction-25"
        disabled={false}
      >
        <div
          className="MuiListItemText-root-27"
        >
          <span
            className="MuiTypography-root-33 MuiTypography-subheading-40 MuiListItemText-primary-30"
          >
            Keller Hans
          </span>
          <p
            className="MuiTypography-root-33 MuiTypography-body1-42 MuiTypography-colorTextSecondary-57 MuiListItemText-secondary-31"
          >
            Manager
          </p>
        </div>
      </div>
      <div
        className="MuiListItemSecondaryAction-root-59"
      >
        <button
          className="MuiButtonBase-root-66 MuiIconButton-root-60"
          disabled={false}
          onBlur={[Function]}
          onClick={[Function]}
          onFocus={[Function]}
          onKeyDown={[Function]}
          onKeyUp={[Function]}
          onMouseDown={[Function]}
          onMouseLeave={[Function]}
          onMouseUp={[Function]}
          onTouchEnd={[Function]}
          onTouchMove={[Function]}
          onTouchStart={[Function]}
          tabIndex="0"
          type="button"
        >
          <span
            className="MuiIconButton-label-65"
          >
            <svg
              aria-hidden="true"
              className="MuiSvgIcon-root-69"
              focusable="false"
              role="presentation"
              viewBox="0 0 24 24"
            >
              <path
                d="M6 19c0 1.1.9 2 2 2h8c1.1 0 2-.9 2-2V7H6v12zM19 4h-3.5l-1-1h-5l-1 1H5v2h14V4z"
              />
              <path
                d="M0 0h24v24H0z"
                fill="none"
              />
            </svg>
          </span>
          <span
            className="MuiTouchRipple-root-78"
          />
        </button>
      </div>
    </li>
    <li
      className="MuiListItem-container-17"
    >
      <div
        className="MuiListItem-root-16 MuiListItem-default-19 MuiListItem-secondaryAction-25"
        disabled={false}
      >
        <div
          className="MuiListItemText-root-27"
        >
          <span
            className="MuiTypography-root-33 MuiTypography-subheading-40 MuiListItemText-primary-30"
          >
            Muster Max
          </span>
          <p
            className="MuiTypography-root-33 MuiTypography-body1-42 MuiTypography-colorTextSecondary-57 MuiListItemText-secondary-31"
          >
            Benutzer
          </p>
        </div>
      </div>
      <div
        className="MuiListItemSecondaryAction-root-59"
      >
        <button
          className="MuiButtonBase-root-66 MuiIconButton-root-60"
          disabled={false}
          onBlur={[Function]}
          onClick={[Function]}
          onFocus={[Function]}
          onKeyDown={[Function]}
          onKeyUp={[Function]}
          onMouseDown={[Function]}
          onMouseLeave={[Function]}
          onMouseUp={[Function]}
          onTouchEnd={[Function]}
          onTouchMove={[Function]}
          onTouchStart={[Function]}
          tabIndex="0"
          type="button"
        >
          <span
            className="MuiIconButton-label-65"
          >
            <svg
              aria-hidden="true"
              className="MuiSvgIcon-root-69"
              focusable="false"
              role="presentation"
              viewBox="0 0 24 24"
            >
              <path
                d="M6 19c0 1.1.9 2 2 2h8c1.1 0 2-.9 2-2V7H6v12zM19 4h-3.5l-1-1h-5l-1 1H5v2h14V4z"
              />
              <path
                d="M0 0h24v24H0z"
                fill="none"
              />
            </svg>
          </span>
          <span
            className="MuiTouchRipple-root-78"
          />
        </button>
      </div>
    </li>
  </ul>,
  <div
    className="MuiTablePagination-root-85"
  >
    <div
      className="MuiToolbar-root-95 MuiToolbar-regular-97 MuiToolbar-gutters-96 MuiTablePagination-toolbar-86"
    >
      <div
        className="MuiTablePagination-spacer-87"
      />
      <span
        className="MuiTypography-root-33 MuiTypography-caption-43 MuiTablePagination-caption-88"
      >
        1-2 of 2
      </span>
      <div
        className="MuiTablePagination-actions-94"
      >
        <button
          className="MuiButtonBase-root-66 MuiButtonBase-disabled-67 MuiIconButton-root-60 MuiIconButton-disabled-64"
          disabled={true}
          onBlur={[Function]}
          onClick={[Function]}
          onFocus={[Function]}
          onKeyDown={[Function]}
          onKeyUp={[Function]}
          onMouseDown={[Function]}
          onMouseLeave={[Function]}
          onMouseUp={[Function]}
          onTouchEnd={[Function]}
          onTouchMove={[Function]}
          onTouchStart={[Function]}
          tabIndex="-1"
          type="button"
        >
          <span
            className="MuiIconButton-label-65"
          >
            <svg
              aria-hidden="true"
              className="MuiSvgIcon-root-69"
              focusable="false"
              role="presentation"
              viewBox="0 0 24 24"
            >
              <path
                d="M15.41 16.09l-4.58-4.59 4.58-4.59L14 5.5l-6 6 6 6z"
              />
            </svg>
          </span>
        </button>
        <button
          className="MuiButtonBase-root-66 MuiButtonBase-disabled-67 MuiIconButton-root-60 MuiIconButton-disabled-64"
          disabled={true}
          onBlur={[Function]}
          onClick={[Function]}
          onFocus={[Function]}
          onKeyDown={[Function]}
          onKeyUp={[Function]}
          onMouseDown={[Function]}
          onMouseLeave={[Function]}
          onMouseUp={[Function]}
          onTouchEnd={[Function]}
          onTouchMove={[Function]}
          onTouchStart={[Function]}
          tabIndex="-1"
          type="button"
        >
          <span
            className="MuiIconButton-label-65"
          >
            <svg
              aria-hidden="true"
              className="MuiSvgIcon-root-69"
              focusable="false"
              role="presentation"
              viewBox="0 0 24 24"
            >
              <path
                d="M8.59 16.34l4.58-4.59-4.58-4.59L10 5.75l6 6-6 6z"
              />
            </svg>
          </span>
        </button>
      </div>
    </div>
  </div>,
]
`;
